Archive member included because of file (symbol)

d:/e_s_diploma/5_interfacing/2_embedded_c/4_software/1_ide/sdk_win_64/sdk_win_64/winavr/bin/../lib/gcc/avr/4.3.3/avr5\libgcc.a(_mulsi3.o)
                              ./MCAL/Timer/Timer_Prog.o (__mulsi3)
d:/e_s_diploma/5_interfacing/2_embedded_c/4_software/1_ide/sdk_win_64/sdk_win_64/winavr/bin/../lib/gcc/avr/4.3.3/avr5\libgcc.a(_udivmodqi4.o)
                              ./MCAL/DIO/DIO_Prog.o (__udivmodqi4)
d:/e_s_diploma/5_interfacing/2_embedded_c/4_software/1_ide/sdk_win_64/sdk_win_64/winavr/bin/../lib/gcc/avr/4.3.3/avr5\libgcc.a(_udivmodsi4.o)
                              ./MCAL/Timer/Timer_Prog.o (__udivmodsi4)
d:/e_s_diploma/5_interfacing/2_embedded_c/4_software/1_ide/sdk_win_64/sdk_win_64/winavr/bin/../lib/gcc/avr/4.3.3/avr5\libgcc.a(_divmodsi4.o)
                              ./MCAL/Timer/Timer_Prog.o (__divmodsi4)
d:/e_s_diploma/5_interfacing/2_embedded_c/4_software/1_ide/sdk_win_64/sdk_win_64/winavr/bin/../lib/gcc/avr/4.3.3/avr5\libgcc.a(_exit.o)
                              d:/e_s_diploma/5_interfacing/2_embedded_c/4_software/1_ide/sdk_win_64/sdk_win_64/winavr/bin/../lib/gcc/avr/4.3.3/../../../../avr/lib/avr5/crtm32.o (exit)
d:/e_s_diploma/5_interfacing/2_embedded_c/4_software/1_ide/sdk_win_64/sdk_win_64/winavr/bin/../lib/gcc/avr/4.3.3/avr5\libgcc.a(_copy_data.o)
                              ./HAL/KeyPad/KeyPad_Prog.o (__do_copy_data)
d:/e_s_diploma/5_interfacing/2_embedded_c/4_software/1_ide/sdk_win_64/sdk_win_64/winavr/bin/../lib/gcc/avr/4.3.3/avr5\libgcc.a(_clear_bss.o)
                              ./MCAL/Timer/Timer_Prog.o (__do_clear_bss)
d:/e_s_diploma/5_interfacing/2_embedded_c/4_software/1_ide/sdk_win_64/sdk_win_64/winavr/bin/../lib/gcc/avr/4.3.3/avr5\libgcc.a(_fixunssfsi.o)
                              ./MCAL/Timer/Timer_Prog.o (__fixunssfsi)
d:/e_s_diploma/5_interfacing/2_embedded_c/4_software/1_ide/sdk_win_64/sdk_win_64/winavr/bin/../lib/gcc/avr/4.3.3/avr5\libgcc.a(_addsub_sf.o)
                              ./MCAL/Timer/Timer_Prog.o (__subsf3)
d:/e_s_diploma/5_interfacing/2_embedded_c/4_software/1_ide/sdk_win_64/sdk_win_64/winavr/bin/../lib/gcc/avr/4.3.3/avr5\libgcc.a(_mul_sf.o)
                              ./MCAL/Timer/Timer_Prog.o (__mulsf3)
d:/e_s_diploma/5_interfacing/2_embedded_c/4_software/1_ide/sdk_win_64/sdk_win_64/winavr/bin/../lib/gcc/avr/4.3.3/avr5\libgcc.a(_div_sf.o)
                              ./MCAL/Timer/Timer_Prog.o (__divsf3)
d:/e_s_diploma/5_interfacing/2_embedded_c/4_software/1_ide/sdk_win_64/sdk_win_64/winavr/bin/../lib/gcc/avr/4.3.3/avr5\libgcc.a(_ge_sf.o)
                              d:/e_s_diploma/5_interfacing/2_embedded_c/4_software/1_ide/sdk_win_64/sdk_win_64/winavr/bin/../lib/gcc/avr/4.3.3/avr5\libgcc.a(_fixunssfsi.o) (__gesf2)
d:/e_s_diploma/5_interfacing/2_embedded_c/4_software/1_ide/sdk_win_64/sdk_win_64/winavr/bin/../lib/gcc/avr/4.3.3/avr5\libgcc.a(_si_to_sf.o)
                              ./HAL/Servo/Servo_Prog.o (__floatsisf)
d:/e_s_diploma/5_interfacing/2_embedded_c/4_software/1_ide/sdk_win_64/sdk_win_64/winavr/bin/../lib/gcc/avr/4.3.3/avr5\libgcc.a(_sf_to_si.o)
                              d:/e_s_diploma/5_interfacing/2_embedded_c/4_software/1_ide/sdk_win_64/sdk_win_64/winavr/bin/../lib/gcc/avr/4.3.3/avr5\libgcc.a(_fixunssfsi.o) (__fixsfsi)
d:/e_s_diploma/5_interfacing/2_embedded_c/4_software/1_ide/sdk_win_64/sdk_win_64/winavr/bin/../lib/gcc/avr/4.3.3/avr5\libgcc.a(_thenan_sf.o)
                              d:/e_s_diploma/5_interfacing/2_embedded_c/4_software/1_ide/sdk_win_64/sdk_win_64/winavr/bin/../lib/gcc/avr/4.3.3/avr5\libgcc.a(_addsub_sf.o) (__thenan_sf)
d:/e_s_diploma/5_interfacing/2_embedded_c/4_software/1_ide/sdk_win_64/sdk_win_64/winavr/bin/../lib/gcc/avr/4.3.3/avr5\libgcc.a(_usi_to_sf.o)
                              ./MCAL/Timer/Timer_Prog.o (__floatunsisf)
d:/e_s_diploma/5_interfacing/2_embedded_c/4_software/1_ide/sdk_win_64/sdk_win_64/winavr/bin/../lib/gcc/avr/4.3.3/avr5\libgcc.a(_prologue.o)
                              d:/e_s_diploma/5_interfacing/2_embedded_c/4_software/1_ide/sdk_win_64/sdk_win_64/winavr/bin/../lib/gcc/avr/4.3.3/avr5\libgcc.a(_addsub_sf.o) (__prologue_saves__)
d:/e_s_diploma/5_interfacing/2_embedded_c/4_software/1_ide/sdk_win_64/sdk_win_64/winavr/bin/../lib/gcc/avr/4.3.3/avr5\libgcc.a(_epilogue.o)
                              d:/e_s_diploma/5_interfacing/2_embedded_c/4_software/1_ide/sdk_win_64/sdk_win_64/winavr/bin/../lib/gcc/avr/4.3.3/avr5\libgcc.a(_addsub_sf.o) (__epilogue_restores__)
d:/e_s_diploma/5_interfacing/2_embedded_c/4_software/1_ide/sdk_win_64/sdk_win_64/winavr/bin/../lib/gcc/avr/4.3.3/avr5\libgcc.a(_clzsi2.o)
                              d:/e_s_diploma/5_interfacing/2_embedded_c/4_software/1_ide/sdk_win_64/sdk_win_64/winavr/bin/../lib/gcc/avr/4.3.3/avr5\libgcc.a(_si_to_sf.o) (__clzsi2)
d:/e_s_diploma/5_interfacing/2_embedded_c/4_software/1_ide/sdk_win_64/sdk_win_64/winavr/bin/../lib/gcc/avr/4.3.3/avr5\libgcc.a(_pack_sf.o)
                              d:/e_s_diploma/5_interfacing/2_embedded_c/4_software/1_ide/sdk_win_64/sdk_win_64/winavr/bin/../lib/gcc/avr/4.3.3/avr5\libgcc.a(_addsub_sf.o) (__pack_f)
d:/e_s_diploma/5_interfacing/2_embedded_c/4_software/1_ide/sdk_win_64/sdk_win_64/winavr/bin/../lib/gcc/avr/4.3.3/avr5\libgcc.a(_unpack_sf.o)
                              d:/e_s_diploma/5_interfacing/2_embedded_c/4_software/1_ide/sdk_win_64/sdk_win_64/winavr/bin/../lib/gcc/avr/4.3.3/avr5\libgcc.a(_addsub_sf.o) (__unpack_f)
d:/e_s_diploma/5_interfacing/2_embedded_c/4_software/1_ide/sdk_win_64/sdk_win_64/winavr/bin/../lib/gcc/avr/4.3.3/avr5\libgcc.a(_fpcmp_parts_sf.o)
                              d:/e_s_diploma/5_interfacing/2_embedded_c/4_software/1_ide/sdk_win_64/sdk_win_64/winavr/bin/../lib/gcc/avr/4.3.3/avr5\libgcc.a(_ge_sf.o) (__fpcmp_parts_f)
d:/e_s_diploma/5_interfacing/2_embedded_c/4_software/1_ide/sdk_win_64/sdk_win_64/winavr/bin/../lib/gcc/avr/4.3.3/avr5\libgcc.a(_clz.o)
                              d:/e_s_diploma/5_interfacing/2_embedded_c/4_software/1_ide/sdk_win_64/sdk_win_64/winavr/bin/../lib/gcc/avr/4.3.3/avr5\libgcc.a(_clzsi2.o) (__clz_tab)

Allocating common symbols
Common symbol       size              file

Timer2_CallBack     0x2               ./MCAL/Timer/Timer_Prog.o
Timer1_CallBack     0x2               ./MCAL/Timer/Timer_Prog.o
Timer0_CallBack     0x2               ./MCAL/Timer/Timer_Prog.o
EXT_INT_CallBack    0x2               ./MCAL/EXT_INT/EXT_INT_Prog.o

Memory Configuration

Name             Origin             Length             Attributes
text             0x00000000         0x00020000         xr
data             0x00800060         0x0000ffa0         rw !x
eeprom           0x00810000         0x00010000         rw !x
fuse             0x00820000         0x00000400         rw !x
lock             0x00830000         0x00000400         rw !x
signature        0x00840000         0x00000400         rw !x
*default*        0x00000000         0xffffffff

Linker script and memory map

LOAD d:/e_s_diploma/5_interfacing/2_embedded_c/4_software/1_ide/sdk_win_64/sdk_win_64/winavr/bin/../lib/gcc/avr/4.3.3/../../../../avr/lib/avr5/crtm32.o
LOAD ./MCAL/WDT/WDT_Prog.o
LOAD ./MCAL/UART/UART_Prog.o
LOAD ./MCAL/Timer/Timer_Prog.o
LOAD ./MCAL/SPI/SPI_Prog.o
LOAD ./MCAL/I2C/I2C_Prog.o
LOAD ./MCAL/GIE/GIE_Prog.o
LOAD ./MCAL/EXT_INT/EXT_INT_Prog.o
LOAD ./MCAL/DIO/DIO_Prog.o
LOAD ./MCAL/ADC/ADC_Prog.o
LOAD ./HAL/Servo/Servo_Prog.o
LOAD ./HAL/SSD/SSD_Prog.o
LOAD ./HAL/PB/PB_Prog.o
LOAD ./HAL/LM35/LM35_Prog.o
LOAD ./HAL/LED/LED_Prog.o
LOAD ./HAL/LCD/LCD_Prog.o
LOAD ./HAL/KeyPad/KeyPad_Prog.o
LOAD ./HAL/DCMotor/DCMotor_Prog.o
LOAD ./HAL/Buzzer/Buzzer_Prog.o
LOAD ./HAL/AT24C16A/AT24C16A_Prog.o
LOAD ./APP/Projects/Projects.o
LOAD ./APP/main.o
LOAD d:/e_s_diploma/5_interfacing/2_embedded_c/4_software/1_ide/sdk_win_64/sdk_win_64/winavr/bin/../lib/gcc/avr/4.3.3/avr5\libgcc.a
LOAD d:/e_s_diploma/5_interfacing/2_embedded_c/4_software/1_ide/sdk_win_64/sdk_win_64/winavr/bin/../lib/gcc/avr/4.3.3/../../../../avr/lib/avr5\libc.a
LOAD d:/e_s_diploma/5_interfacing/2_embedded_c/4_software/1_ide/sdk_win_64/sdk_win_64/winavr/bin/../lib/gcc/avr/4.3.3/avr5\libgcc.a

.hash
 *(.hash)

.dynsym
 *(.dynsym)

.dynstr
 *(.dynstr)

.gnu.version
 *(.gnu.version)

.gnu.version_d
 *(.gnu.version_d)

.gnu.version_r
 *(.gnu.version_r)

.rel.init
 *(.rel.init)

.rela.init
 *(.rela.init)

.rel.text
 *(.rel.text)
 *(.rel.text.*)
 *(.rel.gnu.linkonce.t*)

.rela.text
 *(.rela.text)
 *(.rela.text.*)
 *(.rela.gnu.linkonce.t*)

.rel.fini
 *(.rel.fini)

.rela.fini
 *(.rela.fini)

.rel.rodata
 *(.rel.rodata)
 *(.rel.rodata.*)
 *(.rel.gnu.linkonce.r*)

.rela.rodata
 *(.rela.rodata)
 *(.rela.rodata.*)
 *(.rela.gnu.linkonce.r*)

.rel.data
 *(.rel.data)
 *(.rel.data.*)
 *(.rel.gnu.linkonce.d*)

.rela.data
 *(.rela.data)
 *(.rela.data.*)
 *(.rela.gnu.linkonce.d*)

.rel.ctors
 *(.rel.ctors)

.rela.ctors
 *(.rela.ctors)

.rel.dtors
 *(.rel.dtors)

.rela.dtors
 *(.rela.dtors)

.rel.got
 *(.rel.got)

.rela.got
 *(.rela.got)

.rel.bss
 *(.rel.bss)

.rela.bss
 *(.rela.bss)

.rel.plt
 *(.rel.plt)

.rela.plt
 *(.rela.plt)

.text           0x00000000     0x2600
 *(.vectors)
 .vectors       0x00000000       0x54 d:/e_s_diploma/5_interfacing/2_embedded_c/4_software/1_ide/sdk_win_64/sdk_win_64/winavr/bin/../lib/gcc/avr/4.3.3/../../../../avr/lib/avr5/crtm32.o
                0x00000000                __vectors
                0x00000000                __vector_default
 *(.vectors)
 *(.progmem.gcc*)
 *(.progmem*)
                0x00000054                . = ALIGN (0x2)
                0x00000054                __trampolines_start = .
 *(.trampolines)
 .trampolines   0x00000054        0x0 linker stubs
 *(.trampolines*)
                0x00000054                __trampolines_end = .
 *(.jumptables)
 *(.jumptables*)
 *(.lowtext)
 *(.lowtext*)
                0x00000054                __ctors_start = .
 *(.ctors)
                0x00000054                __ctors_end = .
                0x00000054                __dtors_start = .
 *(.dtors)
                0x00000054                __dtors_end = .
 SORT(*)(.ctors)
 SORT(*)(.dtors)
 *(.init0)
 .init0         0x00000054        0x0 d:/e_s_diploma/5_interfacing/2_embedded_c/4_software/1_ide/sdk_win_64/sdk_win_64/winavr/bin/../lib/gcc/avr/4.3.3/../../../../avr/lib/avr5/crtm32.o
                0x00000054                __init
 *(.init0)
 *(.init1)
 *(.init1)
 *(.init2)
 .init2         0x00000054        0xc d:/e_s_diploma/5_interfacing/2_embedded_c/4_software/1_ide/sdk_win_64/sdk_win_64/winavr/bin/../lib/gcc/avr/4.3.3/../../../../avr/lib/avr5/crtm32.o
 *(.init2)
 *(.init3)
 *(.init3)
 *(.init4)
 .init4         0x00000060       0x16 d:/e_s_diploma/5_interfacing/2_embedded_c/4_software/1_ide/sdk_win_64/sdk_win_64/winavr/bin/../lib/gcc/avr/4.3.3/avr5\libgcc.a(_copy_data.o)
                0x00000060                __do_copy_data
 .init4         0x00000076       0x10 d:/e_s_diploma/5_interfacing/2_embedded_c/4_software/1_ide/sdk_win_64/sdk_win_64/winavr/bin/../lib/gcc/avr/4.3.3/avr5\libgcc.a(_clear_bss.o)
                0x00000076                __do_clear_bss
 *(.init4)
 *(.init5)
 *(.init5)
 *(.init6)
 *(.init6)
 *(.init7)
 *(.init7)
 *(.init8)
 *(.init8)
 *(.init9)
 .init9         0x00000086        0x8 d:/e_s_diploma/5_interfacing/2_embedded_c/4_software/1_ide/sdk_win_64/sdk_win_64/winavr/bin/../lib/gcc/avr/4.3.3/../../../../avr/lib/avr5/crtm32.o
 *(.init9)
 *(.text)
 .text          0x0000008e        0x4 d:/e_s_diploma/5_interfacing/2_embedded_c/4_software/1_ide/sdk_win_64/sdk_win_64/winavr/bin/../lib/gcc/avr/4.3.3/../../../../avr/lib/avr5/crtm32.o
                0x0000008e                __vector_12
                0x0000008e                __bad_interrupt
                0x0000008e                __vector_6
                0x0000008e                __vector_11
                0x0000008e                __vector_13
                0x0000008e                __vector_17
                0x0000008e                __vector_19
                0x0000008e                __vector_7
                0x0000008e                __vector_5
                0x0000008e                __vector_4
                0x0000008e                __vector_9
                0x0000008e                __vector_15
                0x0000008e                __vector_8
                0x0000008e                __vector_14
                0x0000008e                __vector_16
                0x0000008e                __vector_18
                0x0000008e                __vector_20
 .text          0x00000092        0x0 ./MCAL/WDT/WDT_Prog.o
 .text          0x00000092        0x0 ./MCAL/UART/UART_Prog.o
 .text          0x00000092        0x0 ./MCAL/Timer/Timer_Prog.o
 .text          0x00000092        0x0 ./MCAL/SPI/SPI_Prog.o
 .text          0x00000092        0x0 ./MCAL/I2C/I2C_Prog.o
 .text          0x00000092        0x0 ./MCAL/GIE/GIE_Prog.o
 .text          0x00000092        0x0 ./MCAL/EXT_INT/EXT_INT_Prog.o
 .text          0x00000092        0x0 ./MCAL/DIO/DIO_Prog.o
 .text          0x00000092        0x0 ./MCAL/ADC/ADC_Prog.o
 .text          0x00000092        0x0 ./HAL/Servo/Servo_Prog.o
 .text          0x00000092        0x0 ./HAL/SSD/SSD_Prog.o
 .text          0x00000092        0x0 ./HAL/PB/PB_Prog.o
 .text          0x00000092        0x0 ./HAL/LM35/LM35_Prog.o
 .text          0x00000092        0x0 ./HAL/LED/LED_Prog.o
 .text          0x00000092        0x0 ./HAL/LCD/LCD_Prog.o
 .text          0x00000092        0x0 ./HAL/KeyPad/KeyPad_Prog.o
 .text          0x00000092        0x0 ./HAL/DCMotor/DCMotor_Prog.o
 .text          0x00000092        0x0 ./HAL/Buzzer/Buzzer_Prog.o
 .text          0x00000092        0x0 ./HAL/AT24C16A/AT24C16A_Prog.o
 .text          0x00000092        0x0 ./APP/Projects/Projects.o
 .text          0x00000092        0x0 ./APP/main.o
 .text          0x00000092        0x0 d:/e_s_diploma/5_interfacing/2_embedded_c/4_software/1_ide/sdk_win_64/sdk_win_64/winavr/bin/../lib/gcc/avr/4.3.3/avr5\libgcc.a(_mulsi3.o)
 .text          0x00000092        0x0 d:/e_s_diploma/5_interfacing/2_embedded_c/4_software/1_ide/sdk_win_64/sdk_win_64/winavr/bin/../lib/gcc/avr/4.3.3/avr5\libgcc.a(_udivmodqi4.o)
 .text          0x00000092        0x0 d:/e_s_diploma/5_interfacing/2_embedded_c/4_software/1_ide/sdk_win_64/sdk_win_64/winavr/bin/../lib/gcc/avr/4.3.3/avr5\libgcc.a(_udivmodsi4.o)
 .text          0x00000092        0x0 d:/e_s_diploma/5_interfacing/2_embedded_c/4_software/1_ide/sdk_win_64/sdk_win_64/winavr/bin/../lib/gcc/avr/4.3.3/avr5\libgcc.a(_divmodsi4.o)
 .text          0x00000092        0x0 d:/e_s_diploma/5_interfacing/2_embedded_c/4_software/1_ide/sdk_win_64/sdk_win_64/winavr/bin/../lib/gcc/avr/4.3.3/avr5\libgcc.a(_exit.o)
 .text          0x00000092        0x0 d:/e_s_diploma/5_interfacing/2_embedded_c/4_software/1_ide/sdk_win_64/sdk_win_64/winavr/bin/../lib/gcc/avr/4.3.3/avr5\libgcc.a(_copy_data.o)
 .text          0x00000092        0x0 d:/e_s_diploma/5_interfacing/2_embedded_c/4_software/1_ide/sdk_win_64/sdk_win_64/winavr/bin/../lib/gcc/avr/4.3.3/avr5\libgcc.a(_clear_bss.o)
 .text          0x00000092       0x58 d:/e_s_diploma/5_interfacing/2_embedded_c/4_software/1_ide/sdk_win_64/sdk_win_64/winavr/bin/../lib/gcc/avr/4.3.3/avr5\libgcc.a(_fixunssfsi.o)
                0x00000092                __fixunssfsi
 .text          0x000000ea      0x354 d:/e_s_diploma/5_interfacing/2_embedded_c/4_software/1_ide/sdk_win_64/sdk_win_64/winavr/bin/../lib/gcc/avr/4.3.3/avr5\libgcc.a(_addsub_sf.o)
                0x00000382                __subsf3
                0x000003e4                __addsf3
 .text          0x0000043e      0x1f4 d:/e_s_diploma/5_interfacing/2_embedded_c/4_software/1_ide/sdk_win_64/sdk_win_64/winavr/bin/../lib/gcc/avr/4.3.3/avr5\libgcc.a(_mul_sf.o)
                0x0000043e                __mulsf3
 .text          0x00000632      0x158 d:/e_s_diploma/5_interfacing/2_embedded_c/4_software/1_ide/sdk_win_64/sdk_win_64/winavr/bin/../lib/gcc/avr/4.3.3/avr5\libgcc.a(_div_sf.o)
                0x00000632                __divsf3
 .text          0x0000078a       0x60 d:/e_s_diploma/5_interfacing/2_embedded_c/4_software/1_ide/sdk_win_64/sdk_win_64/winavr/bin/../lib/gcc/avr/4.3.3/avr5\libgcc.a(_ge_sf.o)
                0x0000078a                __gesf2
 .text          0x000007ea       0xbc d:/e_s_diploma/5_interfacing/2_embedded_c/4_software/1_ide/sdk_win_64/sdk_win_64/winavr/bin/../lib/gcc/avr/4.3.3/avr5\libgcc.a(_si_to_sf.o)
                0x000007ea                __floatsisf
 .text          0x000008a6       0xa8 d:/e_s_diploma/5_interfacing/2_embedded_c/4_software/1_ide/sdk_win_64/sdk_win_64/winavr/bin/../lib/gcc/avr/4.3.3/avr5\libgcc.a(_sf_to_si.o)
                0x000008a6                __fixsfsi
 .text          0x0000094e        0x0 d:/e_s_diploma/5_interfacing/2_embedded_c/4_software/1_ide/sdk_win_64/sdk_win_64/winavr/bin/../lib/gcc/avr/4.3.3/avr5\libgcc.a(_thenan_sf.o)
 .text          0x0000094e       0xf2 d:/e_s_diploma/5_interfacing/2_embedded_c/4_software/1_ide/sdk_win_64/sdk_win_64/winavr/bin/../lib/gcc/avr/4.3.3/avr5\libgcc.a(_usi_to_sf.o)
                0x0000094e                __floatunsisf
 .text          0x00000a40        0x0 d:/e_s_diploma/5_interfacing/2_embedded_c/4_software/1_ide/sdk_win_64/sdk_win_64/winavr/bin/../lib/gcc/avr/4.3.3/avr5\libgcc.a(_prologue.o)
 .text          0x00000a40        0x0 d:/e_s_diploma/5_interfacing/2_embedded_c/4_software/1_ide/sdk_win_64/sdk_win_64/winavr/bin/../lib/gcc/avr/4.3.3/avr5\libgcc.a(_epilogue.o)
 .text          0x00000a40       0x9e d:/e_s_diploma/5_interfacing/2_embedded_c/4_software/1_ide/sdk_win_64/sdk_win_64/winavr/bin/../lib/gcc/avr/4.3.3/avr5\libgcc.a(_clzsi2.o)
                0x00000a40                __clzsi2
 .text          0x00000ade      0x1aa d:/e_s_diploma/5_interfacing/2_embedded_c/4_software/1_ide/sdk_win_64/sdk_win_64/winavr/bin/../lib/gcc/avr/4.3.3/avr5\libgcc.a(_pack_sf.o)
                0x00000ade                __pack_f
 .text          0x00000c88       0xf0 d:/e_s_diploma/5_interfacing/2_embedded_c/4_software/1_ide/sdk_win_64/sdk_win_64/winavr/bin/../lib/gcc/avr/4.3.3/avr5\libgcc.a(_unpack_sf.o)
                0x00000c88                __unpack_f
 .text          0x00000d78       0xb2 d:/e_s_diploma/5_interfacing/2_embedded_c/4_software/1_ide/sdk_win_64/sdk_win_64/winavr/bin/../lib/gcc/avr/4.3.3/avr5\libgcc.a(_fpcmp_parts_sf.o)
                0x00000d78                __fpcmp_parts_f
 .text          0x00000e2a        0x0 d:/e_s_diploma/5_interfacing/2_embedded_c/4_software/1_ide/sdk_win_64/sdk_win_64/winavr/bin/../lib/gcc/avr/4.3.3/avr5\libgcc.a(_clz.o)
                0x00000e2a                . = ALIGN (0x2)
 *(.text.*)
 .text.M_WDT_Void_WDTInit
                0x00000e2a       0x1e ./MCAL/WDT/WDT_Prog.o
                0x00000e2a                M_WDT_Void_WDTInit
 .text.M_WDT_Void_WDTRefresh
                0x00000e48        0x4 ./MCAL/WDT/WDT_Prog.o
                0x00000e48                M_WDT_Void_WDTRefresh
 .text.M_UART_Void_UARTSend
                0x00000e4c       0x2e ./MCAL/UART/UART_Prog.o
                0x00000e4c                M_UART_Void_UARTSend
 .text.M_UART_Void_UARTRec
                0x00000e7a       0x2e ./MCAL/UART/UART_Prog.o
                0x00000e7a                M_UART_Void_UARTRec
 .text.M_UART_Void_UARTInit
                0x00000ea8       0x30 ./MCAL/UART/UART_Prog.o
                0x00000ea8                M_UART_Void_UARTInit
 .text.M_Timer_Void_TimerInit
                0x00000ed8       0x20 ./MCAL/Timer/Timer_Prog.o
                0x00000ed8                M_Timer_Void_TimerInit
 .text.M_Timer_Void_TimerSetTime
                0x00000ef8       0xca ./MCAL/Timer/Timer_Prog.o
                0x00000ef8                M_Timer_Void_TimerSetTime
 .text.M_Timer_Void_TimerStart
                0x00000fc2       0x3a ./MCAL/Timer/Timer_Prog.o
                0x00000fc2                M_Timer_Void_TimerStart
 .text.M_Timer_Void_TimerStop
                0x00000ffc       0x3a ./MCAL/Timer/Timer_Prog.o
                0x00000ffc                M_Timer_Void_TimerStop
 .text.M_Timer_Void_PWMSetDutyCycle
                0x00001036       0x78 ./MCAL/Timer/Timer_Prog.o
                0x00001036                M_Timer_Void_PWMSetDutyCycle
 .text.M_Timer_Void_PWMSetFreaquancy
                0x000010ae       0x1a ./MCAL/Timer/Timer_Prog.o
                0x000010ae                M_Timer_Void_PWMSetFreaquancy
 .text.M_Timer_Void_PWMStart
                0x000010c8        0x6 ./MCAL/Timer/Timer_Prog.o
                0x000010c8                M_Timer_Void_PWMStart
 .text.M_Timer_Void_PWMStop
                0x000010ce        0x6 ./MCAL/Timer/Timer_Prog.o
                0x000010ce                M_Timer_Void_PWMStop
 .text.M_Timer_Void_SetCallBack
                0x000010d4       0x2c ./MCAL/Timer/Timer_Prog.o
                0x000010d4                M_Timer_Void_SetCallBack
 .text.__vector_10
                0x00001100       0x9e ./MCAL/Timer/Timer_Prog.o
                0x00001100                __vector_10
 .text.M_Timer_Void_PWMInit
                0x0000119e       0x66 ./MCAL/Timer/Timer_Prog.o
                0x0000119e                M_Timer_Void_PWMInit
 .text.M_SPI_U8_SPITransive
                0x00001204       0x30 ./MCAL/SPI/SPI_Prog.o
                0x00001204                M_SPI_U8_SPITransive
 .text.M_SPI_Void_SPIInit
                0x00001234       0x44 ./MCAL/SPI/SPI_Prog.o
                0x00001234                M_SPI_Void_SPIInit
 .text.M_I2C_Void_I2CInit
                0x00001278       0x10 ./MCAL/I2C/I2C_Prog.o
                0x00001278                M_I2C_Void_I2CInit
 .text.M_I2C_Void_I2CStartCondition
                0x00001288       0x24 ./MCAL/I2C/I2C_Prog.o
                0x00001288                M_I2C_Void_I2CStartCondition
 .text.M_I2C_Void_I2CStopCondition
                0x000012ac       0x12 ./MCAL/I2C/I2C_Prog.o
                0x000012ac                M_I2C_Void_I2CStopCondition
 .text.M_I2C_Void_I2CRepeatedStart
                0x000012be       0x24 ./MCAL/I2C/I2C_Prog.o
                0x000012be                M_I2C_Void_I2CRepeatedStart
 .text.M_I2C_Void_I2CSendSlaveAddressWrite
                0x000012e2       0x22 ./MCAL/I2C/I2C_Prog.o
                0x000012e2                M_I2C_Void_I2CSendSlaveAddressWrite
 .text.M_I2C_Void_I2CSendSlaveAddressRead
                0x00001304       0x24 ./MCAL/I2C/I2C_Prog.o
                0x00001304                M_I2C_Void_I2CSendSlaveAddressRead
 .text.M_I2C_Void_I2CSendByte
                0x00001328       0x26 ./MCAL/I2C/I2C_Prog.o
                0x00001328                M_I2C_Void_I2CSendByte
 .text.M_I2C_Void_I2CReadByte
                0x0000134e       0x34 ./MCAL/I2C/I2C_Prog.o
                0x0000134e                M_I2C_Void_I2CReadByte
 .text.M_GIE_Void_GlobalInterruptEnable
                0x00001382        0xc ./MCAL/GIE/GIE_Prog.o
                0x00001382                M_GIE_Void_GlobalInterruptEnable
 .text.M_GIE_Void_GlobalInterruptDisable
                0x0000138e        0xc ./MCAL/GIE/GIE_Prog.o
                0x0000138e                M_GIE_Void_GlobalInterruptDisable
 .text.M_EXT_INT_Void_ExtIntInit
                0x0000139a       0x5c ./MCAL/EXT_INT/EXT_INT_Prog.o
                0x0000139a                M_EXT_INT_Void_ExtIntInit
 .text.M_EXT_INT_Void_SetCallBack
                0x000013f6        0xa ./MCAL/EXT_INT/EXT_INT_Prog.o
                0x000013f6                M_EXT_INT_Void_SetCallBack
 .text.__vector_1
                0x00001400       0x4e ./MCAL/EXT_INT/EXT_INT_Prog.o
                0x00001400                __vector_1
 .text.__vector_2
                0x0000144e       0x14 ./MCAL/EXT_INT/EXT_INT_Prog.o
                0x0000144e                __vector_2
 .text.__vector_3
                0x00001462       0x14 ./MCAL/EXT_INT/EXT_INT_Prog.o
                0x00001462                __vector_3
 .text.M_DIO_Void_SetPinDirection
                0x00001476      0x12a ./MCAL/DIO/DIO_Prog.o
                0x00001476                M_DIO_Void_SetPinDirection
 .text.M_DIO_Void_SetPinValue
                0x000015a0      0x12a ./MCAL/DIO/DIO_Prog.o
                0x000015a0                M_DIO_Void_SetPinValue
 .text.M_DIO_Void_TogPin
                0x000016ca       0x90 ./MCAL/DIO/DIO_Prog.o
                0x000016ca                M_DIO_Void_TogPin
 .text.M_DIO_U8_GetPinValue
                0x0000175a       0x72 ./MCAL/DIO/DIO_Prog.o
                0x0000175a                M_DIO_U8_GetPinValue
 .text.M_DIO_Void_SetPinPullUpRes
                0x000017cc      0x12a ./MCAL/DIO/DIO_Prog.o
                0x000017cc                M_DIO_Void_SetPinPullUpRes
 .text.M_ADC_Void_ADCInit
                0x000018f6       0x3a ./MCAL/ADC/ADC_Prog.o
                0x000018f6                M_ADC_Void_ADCInit
 .text.M_ADC_U16_ADCRead
                0x00001930       0xdc ./MCAL/ADC/ADC_Prog.o
                0x00001930                M_ADC_U16_ADCRead
 .text.H_Servo_Void_ServoSetStop
                0x00001a0c        0x8 ./HAL/Servo/Servo_Prog.o
                0x00001a0c                H_Servo_Void_ServoSetStop
 .text.H_Servo_Void_ServoSetStart
                0x00001a14        0x8 ./HAL/Servo/Servo_Prog.o
                0x00001a14                H_Servo_Void_ServoSetStart
 .text.H_Servo_Void_ServoSetAngel
                0x00001a1c       0x42 ./HAL/Servo/Servo_Prog.o
                0x00001a1c                H_Servo_Void_ServoSetAngel
 .text.H_Servo_Void_ServoInit
                0x00001a5e        0xe ./HAL/Servo/Servo_Prog.o
                0x00001a5e                H_Servo_Void_ServoInit
 .text.H_SSD_Void_SSDDigitDisplay
                0x00001a6c      0x198 ./HAL/SSD/SSD_Prog.o
 .text.H_SSD_Void_SSDWriteNumber
                0x00001c04       0x76 ./HAL/SSD/SSD_Prog.o
                0x00001c04                H_SSD_Void_SSDWriteNumber
 .text.H_SSD_Void_SSDInit
                0x00001c7a       0x32 ./HAL/SSD/SSD_Prog.o
                0x00001c7a                H_SSD_Void_SSDInit
 .text.H_PB_U8_PBRead
                0x00001cac       0xb8 ./HAL/PB/PB_Prog.o
                0x00001cac                H_PB_U8_PBRead
 .text.H_PB_Void_PBInit
                0x00001d64       0x2c ./HAL/PB/PB_Prog.o
                0x00001d64                H_PB_Void_PBInit
 .text.H_LM35_Void_LM35Read
                0x00001d90       0x2c ./HAL/LM35/LM35_Prog.o
                0x00001d90                H_LM35_Void_LM35Read
 .text.H_LM35_Void_LM35Init
                0x00001dbc        0x6 ./HAL/LM35/LM35_Prog.o
                0x00001dbc                H_LM35_Void_LM35Init
 .text.H_LED_Void_LedTog
                0x00001dc2       0x26 ./HAL/LED/LED_Prog.o
                0x00001dc2                H_LED_Void_LedTog
 .text.H_LED_Void_LedSetOff
                0x00001de8       0x2c ./HAL/LED/LED_Prog.o
                0x00001de8                H_LED_Void_LedSetOff
 .text.H_LED_Void_LedSetOn
                0x00001e14       0x2c ./HAL/LED/LED_Prog.o
                0x00001e14                H_LED_Void_LedSetOn
 .text.H_LED_Void_LedInit
                0x00001e40       0x2c ./HAL/LED/LED_Prog.o
                0x00001e40                H_LED_Void_LedInit
 .text.H_LCD_Void_SetLCDPins
                0x00001e6c       0x3c ./HAL/LCD/LCD_Prog.o
 .text.H_LCD_Void_LCDWriteCommand
                0x00001ea8       0x64 ./HAL/LCD/LCD_Prog.o
                0x00001ea8                H_LCD_Void_LCDWriteCommand
 .text.H_LCD_Void_LCDClear
                0x00001f0c        0x8 ./HAL/LCD/LCD_Prog.o
                0x00001f0c                H_LCD_Void_LCDClear
 .text.H_LCD_Void_LCDGoTo
                0x00001f14       0x2a ./HAL/LCD/LCD_Prog.o
                0x00001f14                H_LCD_Void_LCDGoTo
 .text.H_LCD_Void_LCDWriteCharacter
                0x00001f3e       0x64 ./HAL/LCD/LCD_Prog.o
                0x00001f3e                H_LCD_Void_LCDWriteCharacter
 .text.H_LCD_Void_LCDWriteNumber
                0x00001fa2       0xe0 ./HAL/LCD/LCD_Prog.o
                0x00001fa2                H_LCD_Void_LCDWriteNumber
 .text.H_LCD_Void_LCDWriteString
                0x00002082       0x2a ./HAL/LCD/LCD_Prog.o
                0x00002082                H_LCD_Void_LCDWriteString
 .text.H_LCD_Void_LCDInit
                0x000020ac       0x66 ./HAL/LCD/LCD_Prog.o
                0x000020ac                H_LCD_Void_LCDInit
 .text.H_KeyPad_U8_KeyPadRead
                0x00002112      0x104 ./HAL/KeyPad/KeyPad_Prog.o
                0x00002112                H_KeyPad_U8_KeyPadRead
 .text.H_KeyPad_Void_KeyPadInit
                0x00002216       0x82 ./HAL/KeyPad/KeyPad_Prog.o
                0x00002216                H_KeyPad_Void_KeyPadInit
 .text.H_DCMotor_Void_DCMotorStop
                0x00002298        0x8 ./HAL/DCMotor/DCMotor_Prog.o
                0x00002298                H_DCMotor_Void_DCMotorStop
 .text.H_DCMotor_Void_DCMotorStart
                0x000022a0        0x8 ./HAL/DCMotor/DCMotor_Prog.o
                0x000022a0                H_DCMotor_Void_DCMotorStart
 .text.H_DCMotor_Void_DCMotorSetDirection
                0x000022a8       0x2e ./HAL/DCMotor/DCMotor_Prog.o
                0x000022a8                H_DCMotor_Void_DCMotorSetDirection
 .text.H_DCMotor_Void_DCMotorSetSpeed
                0x000022d6       0x10 ./HAL/DCMotor/DCMotor_Prog.o
                0x000022d6                H_DCMotor_Void_DCMotorSetSpeed
 .text.H_DCMotor_Void_DCMotorInit
                0x000022e6       0x18 ./HAL/DCMotor/DCMotor_Prog.o
                0x000022e6                H_DCMotor_Void_DCMotorInit
 .text.H_Buzzer_Void_BuzzerOnce
                0x000022fe       0x26 ./HAL/Buzzer/Buzzer_Prog.o
                0x000022fe                H_Buzzer_Void_BuzzerOnce
 .text.H_Buzzer_Void_BuzzerSetOff
                0x00002324        0xa ./HAL/Buzzer/Buzzer_Prog.o
                0x00002324                H_Buzzer_Void_BuzzerSetOff
 .text.H_Buzzer_Void_BuzzerSetOn
                0x0000232e        0xa ./HAL/Buzzer/Buzzer_Prog.o
                0x0000232e                H_Buzzer_Void_BuzzerSetOn
 .text.H_Buzzer_Void_BuzzerInit
                0x00002338        0xa ./HAL/Buzzer/Buzzer_Prog.o
                0x00002338                H_Buzzer_Void_BuzzerInit
 .text.H_AT24C16A_Void_EEPROMRead
                0x00002342       0x4a ./HAL/AT24C16A/AT24C16A_Prog.o
                0x00002342                H_AT24C16A_Void_EEPROMRead
 .text.H_AT24C16A_Void_EEPROMWrite
                0x0000238c       0x44 ./HAL/AT24C16A/AT24C16A_Prog.o
                0x0000238c                H_AT24C16A_Void_EEPROMWrite
 .text.H_AT24C16A_Void_EEPROMInit
                0x000023d0       0x1a ./HAL/AT24C16A/AT24C16A_Prog.o
                0x000023d0                H_AT24C16A_Void_EEPROMInit
 .text.A_HC05Project
                0x000023ea       0x1c ./APP/Projects/Projects.o
                0x000023ea                A_HC05Project
 .text.A_SSDProject
                0x00002406       0x38 ./APP/Projects/Projects.o
                0x00002406                A_SSDProject
 .text.A_Timer1_Execution
                0x0000243e        0x8 ./APP/main.o
                0x0000243e                A_Timer1_Execution
 .text.A_Timer0_Execution
                0x00002446        0x8 ./APP/main.o
                0x00002446                A_Timer0_Execution
 .text.A_EXT_INT0_Execution
                0x0000244e       0x12 ./APP/main.o
                0x0000244e                A_EXT_INT0_Execution
 .text.main     0x00002460       0x5e ./APP/main.o
                0x00002460                main
 .text.libgcc   0x000024be       0x3e d:/e_s_diploma/5_interfacing/2_embedded_c/4_software/1_ide/sdk_win_64/sdk_win_64/winavr/bin/../lib/gcc/avr/4.3.3/avr5\libgcc.a(_mulsi3.o)
                0x000024be                __mulsi3
 .text.libgcc   0x000024fc       0x18 d:/e_s_diploma/5_interfacing/2_embedded_c/4_software/1_ide/sdk_win_64/sdk_win_64/winavr/bin/../lib/gcc/avr/4.3.3/avr5\libgcc.a(_udivmodqi4.o)
                0x000024fc                __udivmodqi4
 .text.libgcc   0x00002514       0x44 d:/e_s_diploma/5_interfacing/2_embedded_c/4_software/1_ide/sdk_win_64/sdk_win_64/winavr/bin/../lib/gcc/avr/4.3.3/avr5\libgcc.a(_udivmodsi4.o)
                0x00002514                __udivmodsi4
 .text.libgcc   0x00002558       0x36 d:/e_s_diploma/5_interfacing/2_embedded_c/4_software/1_ide/sdk_win_64/sdk_win_64/winavr/bin/../lib/gcc/avr/4.3.3/avr5\libgcc.a(_divmodsi4.o)
                0x00002558                __divmodsi4
 .text.libgcc   0x0000258e        0x0 d:/e_s_diploma/5_interfacing/2_embedded_c/4_software/1_ide/sdk_win_64/sdk_win_64/winavr/bin/../lib/gcc/avr/4.3.3/avr5\libgcc.a(_exit.o)
 .text.libgcc   0x0000258e        0x0 d:/e_s_diploma/5_interfacing/2_embedded_c/4_software/1_ide/sdk_win_64/sdk_win_64/winavr/bin/../lib/gcc/avr/4.3.3/avr5\libgcc.a(_copy_data.o)
 .text.libgcc   0x0000258e        0x0 d:/e_s_diploma/5_interfacing/2_embedded_c/4_software/1_ide/sdk_win_64/sdk_win_64/winavr/bin/../lib/gcc/avr/4.3.3/avr5\libgcc.a(_clear_bss.o)
 .text.libgcc   0x0000258e       0x38 d:/e_s_diploma/5_interfacing/2_embedded_c/4_software/1_ide/sdk_win_64/sdk_win_64/winavr/bin/../lib/gcc/avr/4.3.3/avr5\libgcc.a(_prologue.o)
                0x0000258e                __prologue_saves__
 .text.libgcc   0x000025c6       0x36 d:/e_s_diploma/5_interfacing/2_embedded_c/4_software/1_ide/sdk_win_64/sdk_win_64/winavr/bin/../lib/gcc/avr/4.3.3/avr5\libgcc.a(_epilogue.o)
                0x000025c6                __epilogue_restores__
                0x000025fc                . = ALIGN (0x2)
 *(.fini9)
 .fini9         0x000025fc        0x0 d:/e_s_diploma/5_interfacing/2_embedded_c/4_software/1_ide/sdk_win_64/sdk_win_64/winavr/bin/../lib/gcc/avr/4.3.3/avr5\libgcc.a(_exit.o)
                0x000025fc                exit
                0x000025fc                _exit
 *(.fini9)
 *(.fini8)
 *(.fini8)
 *(.fini7)
 *(.fini7)
 *(.fini6)
 *(.fini6)
 *(.fini5)
 *(.fini5)
 *(.fini4)
 *(.fini4)
 *(.fini3)
 *(.fini3)
 *(.fini2)
 *(.fini2)
 *(.fini1)
 *(.fini1)
 *(.fini0)
 .fini0         0x000025fc        0x4 d:/e_s_diploma/5_interfacing/2_embedded_c/4_software/1_ide/sdk_win_64/sdk_win_64/winavr/bin/../lib/gcc/avr/4.3.3/avr5\libgcc.a(_exit.o)
 *(.fini0)
                0x00002600                _etext = .

.data           0x00800060      0x118 load address 0x00002600
                0x00800060                PROVIDE (__data_start, .)
 *(.data)
 .data          0x00800060        0x0 d:/e_s_diploma/5_interfacing/2_embedded_c/4_software/1_ide/sdk_win_64/sdk_win_64/winavr/bin/../lib/gcc/avr/4.3.3/../../../../avr/lib/avr5/crtm32.o
 .data          0x00800060        0x0 ./MCAL/WDT/WDT_Prog.o
 .data          0x00800060        0x0 ./MCAL/UART/UART_Prog.o
 .data          0x00800060        0x0 ./MCAL/Timer/Timer_Prog.o
 .data          0x00800060        0x0 ./MCAL/SPI/SPI_Prog.o
 .data          0x00800060        0x0 ./MCAL/I2C/I2C_Prog.o
 .data          0x00800060        0x0 ./MCAL/GIE/GIE_Prog.o
 .data          0x00800060        0x0 ./MCAL/EXT_INT/EXT_INT_Prog.o
 .data          0x00800060        0x0 ./MCAL/DIO/DIO_Prog.o
 .data          0x00800060        0x0 ./MCAL/ADC/ADC_Prog.o
 .data          0x00800060        0x0 ./HAL/Servo/Servo_Prog.o
 .data          0x00800060        0x0 ./HAL/SSD/SSD_Prog.o
 .data          0x00800060        0x0 ./HAL/PB/PB_Prog.o
 .data          0x00800060        0x0 ./HAL/LM35/LM35_Prog.o
 .data          0x00800060        0x0 ./HAL/LED/LED_Prog.o
 .data          0x00800060        0x0 ./HAL/LCD/LCD_Prog.o
 .data          0x00800060        0x0 ./HAL/KeyPad/KeyPad_Prog.o
 .data          0x00800060        0x0 ./HAL/DCMotor/DCMotor_Prog.o
 .data          0x00800060        0x0 ./HAL/Buzzer/Buzzer_Prog.o
 .data          0x00800060        0x0 ./HAL/AT24C16A/AT24C16A_Prog.o
 .data          0x00800060        0x0 ./APP/Projects/Projects.o
 .data          0x00800060        0x0 ./APP/main.o
 .data          0x00800060        0x0 d:/e_s_diploma/5_interfacing/2_embedded_c/4_software/1_ide/sdk_win_64/sdk_win_64/winavr/bin/../lib/gcc/avr/4.3.3/avr5\libgcc.a(_mulsi3.o)
 .data          0x00800060        0x0 d:/e_s_diploma/5_interfacing/2_embedded_c/4_software/1_ide/sdk_win_64/sdk_win_64/winavr/bin/../lib/gcc/avr/4.3.3/avr5\libgcc.a(_udivmodqi4.o)
 .data          0x00800060        0x0 d:/e_s_diploma/5_interfacing/2_embedded_c/4_software/1_ide/sdk_win_64/sdk_win_64/winavr/bin/../lib/gcc/avr/4.3.3/avr5\libgcc.a(_udivmodsi4.o)
 .data          0x00800060        0x0 d:/e_s_diploma/5_interfacing/2_embedded_c/4_software/1_ide/sdk_win_64/sdk_win_64/winavr/bin/../lib/gcc/avr/4.3.3/avr5\libgcc.a(_divmodsi4.o)
 .data          0x00800060        0x0 d:/e_s_diploma/5_interfacing/2_embedded_c/4_software/1_ide/sdk_win_64/sdk_win_64/winavr/bin/../lib/gcc/avr/4.3.3/avr5\libgcc.a(_exit.o)
 .data          0x00800060        0x0 d:/e_s_diploma/5_interfacing/2_embedded_c/4_software/1_ide/sdk_win_64/sdk_win_64/winavr/bin/../lib/gcc/avr/4.3.3/avr5\libgcc.a(_copy_data.o)
 .data          0x00800060        0x0 d:/e_s_diploma/5_interfacing/2_embedded_c/4_software/1_ide/sdk_win_64/sdk_win_64/winavr/bin/../lib/gcc/avr/4.3.3/avr5\libgcc.a(_clear_bss.o)
 .data          0x00800060        0x0 d:/e_s_diploma/5_interfacing/2_embedded_c/4_software/1_ide/sdk_win_64/sdk_win_64/winavr/bin/../lib/gcc/avr/4.3.3/avr5\libgcc.a(_fixunssfsi.o)
 .data          0x00800060        0x0 d:/e_s_diploma/5_interfacing/2_embedded_c/4_software/1_ide/sdk_win_64/sdk_win_64/winavr/bin/../lib/gcc/avr/4.3.3/avr5\libgcc.a(_addsub_sf.o)
 .data          0x00800060        0x0 d:/e_s_diploma/5_interfacing/2_embedded_c/4_software/1_ide/sdk_win_64/sdk_win_64/winavr/bin/../lib/gcc/avr/4.3.3/avr5\libgcc.a(_mul_sf.o)
 .data          0x00800060        0x0 d:/e_s_diploma/5_interfacing/2_embedded_c/4_software/1_ide/sdk_win_64/sdk_win_64/winavr/bin/../lib/gcc/avr/4.3.3/avr5\libgcc.a(_div_sf.o)
 .data          0x00800060        0x0 d:/e_s_diploma/5_interfacing/2_embedded_c/4_software/1_ide/sdk_win_64/sdk_win_64/winavr/bin/../lib/gcc/avr/4.3.3/avr5\libgcc.a(_ge_sf.o)
 .data          0x00800060        0x0 d:/e_s_diploma/5_interfacing/2_embedded_c/4_software/1_ide/sdk_win_64/sdk_win_64/winavr/bin/../lib/gcc/avr/4.3.3/avr5\libgcc.a(_si_to_sf.o)
 .data          0x00800060        0x0 d:/e_s_diploma/5_interfacing/2_embedded_c/4_software/1_ide/sdk_win_64/sdk_win_64/winavr/bin/../lib/gcc/avr/4.3.3/avr5\libgcc.a(_sf_to_si.o)
 .data          0x00800060        0x8 d:/e_s_diploma/5_interfacing/2_embedded_c/4_software/1_ide/sdk_win_64/sdk_win_64/winavr/bin/../lib/gcc/avr/4.3.3/avr5\libgcc.a(_thenan_sf.o)
                0x00800060                __thenan_sf
 .data          0x00800068        0x0 d:/e_s_diploma/5_interfacing/2_embedded_c/4_software/1_ide/sdk_win_64/sdk_win_64/winavr/bin/../lib/gcc/avr/4.3.3/avr5\libgcc.a(_usi_to_sf.o)
 .data          0x00800068        0x0 d:/e_s_diploma/5_interfacing/2_embedded_c/4_software/1_ide/sdk_win_64/sdk_win_64/winavr/bin/../lib/gcc/avr/4.3.3/avr5\libgcc.a(_prologue.o)
 .data          0x00800068        0x0 d:/e_s_diploma/5_interfacing/2_embedded_c/4_software/1_ide/sdk_win_64/sdk_win_64/winavr/bin/../lib/gcc/avr/4.3.3/avr5\libgcc.a(_epilogue.o)
 .data          0x00800068        0x0 d:/e_s_diploma/5_interfacing/2_embedded_c/4_software/1_ide/sdk_win_64/sdk_win_64/winavr/bin/../lib/gcc/avr/4.3.3/avr5\libgcc.a(_clzsi2.o)
 .data          0x00800068        0x0 d:/e_s_diploma/5_interfacing/2_embedded_c/4_software/1_ide/sdk_win_64/sdk_win_64/winavr/bin/../lib/gcc/avr/4.3.3/avr5\libgcc.a(_pack_sf.o)
 .data          0x00800068        0x0 d:/e_s_diploma/5_interfacing/2_embedded_c/4_software/1_ide/sdk_win_64/sdk_win_64/winavr/bin/../lib/gcc/avr/4.3.3/avr5\libgcc.a(_unpack_sf.o)
 .data          0x00800068        0x0 d:/e_s_diploma/5_interfacing/2_embedded_c/4_software/1_ide/sdk_win_64/sdk_win_64/winavr/bin/../lib/gcc/avr/4.3.3/avr5\libgcc.a(_fpcmp_parts_sf.o)
 .data          0x00800068      0x100 d:/e_s_diploma/5_interfacing/2_embedded_c/4_software/1_ide/sdk_win_64/sdk_win_64/winavr/bin/../lib/gcc/avr/4.3.3/avr5\libgcc.a(_clz.o)
                0x00800068                __clz_tab
 *(.data*)
 *(.rodata)
 *(.rodata*)
 .rodata.C.0.1281
                0x00800168       0x10 ./HAL/KeyPad/KeyPad_Prog.o
 *(.gnu.linkonce.d*)
                0x00800178                . = ALIGN (0x2)
                0x00800178                _edata = .
                0x00800178                PROVIDE (__data_end, .)

.bss            0x00800178       0x15
                0x00800178                PROVIDE (__bss_start, .)
 *(.bss)
 .bss           0x00800178        0x0 d:/e_s_diploma/5_interfacing/2_embedded_c/4_software/1_ide/sdk_win_64/sdk_win_64/winavr/bin/../lib/gcc/avr/4.3.3/../../../../avr/lib/avr5/crtm32.o
 .bss           0x00800178        0x0 ./MCAL/WDT/WDT_Prog.o
 .bss           0x00800178        0x0 ./MCAL/UART/UART_Prog.o
 .bss           0x00800178        0x0 ./MCAL/Timer/Timer_Prog.o
 .bss           0x00800178        0x0 ./MCAL/SPI/SPI_Prog.o
 .bss           0x00800178        0x0 ./MCAL/I2C/I2C_Prog.o
 .bss           0x00800178        0x0 ./MCAL/GIE/GIE_Prog.o
 .bss           0x00800178        0x0 ./MCAL/EXT_INT/EXT_INT_Prog.o
 .bss           0x00800178        0x0 ./MCAL/DIO/DIO_Prog.o
 .bss           0x00800178        0x0 ./MCAL/ADC/ADC_Prog.o
 .bss           0x00800178        0x0 ./HAL/Servo/Servo_Prog.o
 .bss           0x00800178        0x0 ./HAL/SSD/SSD_Prog.o
 .bss           0x00800178        0x0 ./HAL/PB/PB_Prog.o
 .bss           0x00800178        0x0 ./HAL/LM35/LM35_Prog.o
 .bss           0x00800178        0x0 ./HAL/LED/LED_Prog.o
 .bss           0x00800178        0x0 ./HAL/LCD/LCD_Prog.o
 .bss           0x00800178        0x0 ./HAL/KeyPad/KeyPad_Prog.o
 .bss           0x00800178        0x0 ./HAL/DCMotor/DCMotor_Prog.o
 .bss           0x00800178        0x0 ./HAL/Buzzer/Buzzer_Prog.o
 .bss           0x00800178        0x0 ./HAL/AT24C16A/AT24C16A_Prog.o
 .bss           0x00800178        0x0 ./APP/Projects/Projects.o
 .bss           0x00800178        0x0 ./APP/main.o
 .bss           0x00800178        0x0 d:/e_s_diploma/5_interfacing/2_embedded_c/4_software/1_ide/sdk_win_64/sdk_win_64/winavr/bin/../lib/gcc/avr/4.3.3/avr5\libgcc.a(_mulsi3.o)
 .bss           0x00800178        0x0 d:/e_s_diploma/5_interfacing/2_embedded_c/4_software/1_ide/sdk_win_64/sdk_win_64/winavr/bin/../lib/gcc/avr/4.3.3/avr5\libgcc.a(_udivmodqi4.o)
 .bss           0x00800178        0x0 d:/e_s_diploma/5_interfacing/2_embedded_c/4_software/1_ide/sdk_win_64/sdk_win_64/winavr/bin/../lib/gcc/avr/4.3.3/avr5\libgcc.a(_udivmodsi4.o)
 .bss           0x00800178        0x0 d:/e_s_diploma/5_interfacing/2_embedded_c/4_software/1_ide/sdk_win_64/sdk_win_64/winavr/bin/../lib/gcc/avr/4.3.3/avr5\libgcc.a(_divmodsi4.o)
 .bss           0x00800178        0x0 d:/e_s_diploma/5_interfacing/2_embedded_c/4_software/1_ide/sdk_win_64/sdk_win_64/winavr/bin/../lib/gcc/avr/4.3.3/avr5\libgcc.a(_exit.o)
 .bss           0x00800178        0x0 d:/e_s_diploma/5_interfacing/2_embedded_c/4_software/1_ide/sdk_win_64/sdk_win_64/winavr/bin/../lib/gcc/avr/4.3.3/avr5\libgcc.a(_copy_data.o)
 .bss           0x00800178        0x0 d:/e_s_diploma/5_interfacing/2_embedded_c/4_software/1_ide/sdk_win_64/sdk_win_64/winavr/bin/../lib/gcc/avr/4.3.3/avr5\libgcc.a(_clear_bss.o)
 .bss           0x00800178        0x0 d:/e_s_diploma/5_interfacing/2_embedded_c/4_software/1_ide/sdk_win_64/sdk_win_64/winavr/bin/../lib/gcc/avr/4.3.3/avr5\libgcc.a(_fixunssfsi.o)
 .bss           0x00800178        0x0 d:/e_s_diploma/5_interfacing/2_embedded_c/4_software/1_ide/sdk_win_64/sdk_win_64/winavr/bin/../lib/gcc/avr/4.3.3/avr5\libgcc.a(_addsub_sf.o)
 .bss           0x00800178        0x0 d:/e_s_diploma/5_interfacing/2_embedded_c/4_software/1_ide/sdk_win_64/sdk_win_64/winavr/bin/../lib/gcc/avr/4.3.3/avr5\libgcc.a(_mul_sf.o)
 .bss           0x00800178        0x0 d:/e_s_diploma/5_interfacing/2_embedded_c/4_software/1_ide/sdk_win_64/sdk_win_64/winavr/bin/../lib/gcc/avr/4.3.3/avr5\libgcc.a(_div_sf.o)
 .bss           0x00800178        0x0 d:/e_s_diploma/5_interfacing/2_embedded_c/4_software/1_ide/sdk_win_64/sdk_win_64/winavr/bin/../lib/gcc/avr/4.3.3/avr5\libgcc.a(_ge_sf.o)
 .bss           0x00800178        0x0 d:/e_s_diploma/5_interfacing/2_embedded_c/4_software/1_ide/sdk_win_64/sdk_win_64/winavr/bin/../lib/gcc/avr/4.3.3/avr5\libgcc.a(_si_to_sf.o)
 .bss           0x00800178        0x0 d:/e_s_diploma/5_interfacing/2_embedded_c/4_software/1_ide/sdk_win_64/sdk_win_64/winavr/bin/../lib/gcc/avr/4.3.3/avr5\libgcc.a(_sf_to_si.o)
 .bss           0x00800178        0x0 d:/e_s_diploma/5_interfacing/2_embedded_c/4_software/1_ide/sdk_win_64/sdk_win_64/winavr/bin/../lib/gcc/avr/4.3.3/avr5\libgcc.a(_thenan_sf.o)
 .bss           0x00800178        0x0 d:/e_s_diploma/5_interfacing/2_embedded_c/4_software/1_ide/sdk_win_64/sdk_win_64/winavr/bin/../lib/gcc/avr/4.3.3/avr5\libgcc.a(_usi_to_sf.o)
 .bss           0x00800178        0x0 d:/e_s_diploma/5_interfacing/2_embedded_c/4_software/1_ide/sdk_win_64/sdk_win_64/winavr/bin/../lib/gcc/avr/4.3.3/avr5\libgcc.a(_prologue.o)
 .bss           0x00800178        0x0 d:/e_s_diploma/5_interfacing/2_embedded_c/4_software/1_ide/sdk_win_64/sdk_win_64/winavr/bin/../lib/gcc/avr/4.3.3/avr5\libgcc.a(_epilogue.o)
 .bss           0x00800178        0x0 d:/e_s_diploma/5_interfacing/2_embedded_c/4_software/1_ide/sdk_win_64/sdk_win_64/winavr/bin/../lib/gcc/avr/4.3.3/avr5\libgcc.a(_clzsi2.o)
 .bss           0x00800178        0x0 d:/e_s_diploma/5_interfacing/2_embedded_c/4_software/1_ide/sdk_win_64/sdk_win_64/winavr/bin/../lib/gcc/avr/4.3.3/avr5\libgcc.a(_pack_sf.o)
 .bss           0x00800178        0x0 d:/e_s_diploma/5_interfacing/2_embedded_c/4_software/1_ide/sdk_win_64/sdk_win_64/winavr/bin/../lib/gcc/avr/4.3.3/avr5\libgcc.a(_unpack_sf.o)
 .bss           0x00800178        0x0 d:/e_s_diploma/5_interfacing/2_embedded_c/4_software/1_ide/sdk_win_64/sdk_win_64/winavr/bin/../lib/gcc/avr/4.3.3/avr5\libgcc.a(_fpcmp_parts_sf.o)
 .bss           0x00800178        0x0 d:/e_s_diploma/5_interfacing/2_embedded_c/4_software/1_ide/sdk_win_64/sdk_win_64/winavr/bin/../lib/gcc/avr/4.3.3/avr5\libgcc.a(_clz.o)
 *(.bss*)
 .bss.Timer_U32_NumOfOverFlows
                0x00800178        0x4 ./MCAL/Timer/Timer_Prog.o
                0x00800178                Timer_U32_NumOfOverFlows
 .bss.Timer_U8_RemTicks
                0x0080017c        0x1 ./MCAL/Timer/Timer_Prog.o
                0x0080017c                Timer_U8_RemTicks
 .bss.Timer_U32_NumOfCompareMatch
                0x0080017d        0x4 ./MCAL/Timer/Timer_Prog.o
                0x0080017d                Timer_U32_NumOfCompareMatch
 .bss.Local_U32_Counter.1434
                0x00800181        0x4 ./MCAL/Timer/Timer_Prog.o
 *(COMMON)
 COMMON         0x00800185        0x6 ./MCAL/Timer/Timer_Prog.o
                0x00800185                Timer2_CallBack
                0x00800187                Timer1_CallBack
                0x00800189                Timer0_CallBack
 COMMON         0x0080018b        0x2 ./MCAL/EXT_INT/EXT_INT_Prog.o
                0x0080018b                EXT_INT_CallBack
                0x0080018d                PROVIDE (__bss_end, .)
                0x00002600                __data_load_start = LOADADDR (.data)
                0x00002718                __data_load_end = (__data_load_start + SIZEOF (.data))

.noinit         0x0080018d        0x0
                0x0080018d                PROVIDE (__noinit_start, .)
 *(.noinit*)
                0x0080018d                PROVIDE (__noinit_end, .)
                0x0080018d                _end = .
                0x0080018d                PROVIDE (__heap_start, .)

.eeprom         0x00810000        0x0
 *(.eeprom*)
                0x00810000                __eeprom_end = .

.fuse
 *(.fuse)
 *(.lfuse)
 *(.hfuse)
 *(.efuse)

.lock
 *(.lock*)

.signature
 *(.signature*)

.stab           0x00000000     0x4824
 *(.stab)
 .stab          0x00000000      0x1f8 ./MCAL/WDT/WDT_Prog.o
 .stab          0x000001f8      0x288 ./MCAL/UART/UART_Prog.o
                                0x300 (size before relaxing)
 .stab          0x00000480      0x810 ./MCAL/Timer/Timer_Prog.o
                                0x894 (size before relaxing)
 .stab          0x00000c90      0x204 ./MCAL/SPI/SPI_Prog.o
                                0x27c (size before relaxing)
 .stab          0x00000e94      0x3e4 ./MCAL/I2C/I2C_Prog.o
                                0x45c (size before relaxing)
 .stab          0x00001278      0x15c ./MCAL/GIE/GIE_Prog.o
                                0x1d4 (size before relaxing)
 .stab          0x000013d4      0x294 ./MCAL/EXT_INT/EXT_INT_Prog.o
                                0x4c8 (size before relaxing)
 .stab          0x00001668      0x528 ./MCAL/DIO/DIO_Prog.o
                                0x5a0 (size before relaxing)
 .stab          0x00001b90      0x30c ./MCAL/ADC/ADC_Prog.o
                                0x384 (size before relaxing)
 .stab          0x00001e9c      0x234 ./HAL/Servo/Servo_Prog.o
                                0x468 (size before relaxing)
 .stab          0x000020d0      0x4e0 ./HAL/SSD/SSD_Prog.o
                                0x6d8 (size before relaxing)
 .stab          0x000025b0      0x3f0 ./HAL/PB/PB_Prog.o
                                0x5f4 (size before relaxing)
 .stab          0x000029a0      0x174 ./HAL/LM35/LM35_Prog.o
                                0x1ec (size before relaxing)
 .stab          0x00002b14      0x24c ./HAL/LED/LED_Prog.o
                                0x2c4 (size before relaxing)
 .stab          0x00002d60      0x69c ./HAL/LCD/LCD_Prog.o
                                0x8ac (size before relaxing)
 .stab          0x000033fc      0x414 ./HAL/KeyPad/KeyPad_Prog.o
                                0x624 (size before relaxing)
 .stab          0x00003810      0x2a0 ./HAL/DCMotor/DCMotor_Prog.o
                                0x4ec (size before relaxing)
 .stab          0x00003ab0      0x288 ./HAL/Buzzer/Buzzer_Prog.o
                                0x498 (size before relaxing)
 .stab          0x00003d38      0x450 ./HAL/AT24C16A/AT24C16A_Prog.o
                                0x654 (size before relaxing)
 .stab          0x00004188      0x2e8 ./APP/Projects/Projects.o
                                0x4ec (size before relaxing)
 .stab          0x00004470      0x3b4 ./APP/main.o
                                0x5f4 (size before relaxing)

.stabstr        0x00000000     0x1f53
 *(.stabstr)
 .stabstr       0x00000000     0x1f53 ./MCAL/WDT/WDT_Prog.o

.stab.excl
 *(.stab.excl)

.stab.exclstr
 *(.stab.exclstr)

.stab.index
 *(.stab.index)

.stab.indexstr
 *(.stab.indexstr)

.comment
 *(.comment)

.debug
 *(.debug)

.line
 *(.line)

.debug_srcinfo
 *(.debug_srcinfo)

.debug_sfnames
 *(.debug_sfnames)

.debug_aranges  0x00000000      0x180
 *(.debug_aranges)
 .debug_aranges
                0x00000000       0x20 d:/e_s_diploma/5_interfacing/2_embedded_c/4_software/1_ide/sdk_win_64/sdk_win_64/winavr/bin/../lib/gcc/avr/4.3.3/avr5\libgcc.a(_fixunssfsi.o)
 .debug_aranges
                0x00000020       0x20 d:/e_s_diploma/5_interfacing/2_embedded_c/4_software/1_ide/sdk_win_64/sdk_win_64/winavr/bin/../lib/gcc/avr/4.3.3/avr5\libgcc.a(_addsub_sf.o)
 .debug_aranges
                0x00000040       0x20 d:/e_s_diploma/5_interfacing/2_embedded_c/4_software/1_ide/sdk_win_64/sdk_win_64/winavr/bin/../lib/gcc/avr/4.3.3/avr5\libgcc.a(_mul_sf.o)
 .debug_aranges
                0x00000060       0x20 d:/e_s_diploma/5_interfacing/2_embedded_c/4_software/1_ide/sdk_win_64/sdk_win_64/winavr/bin/../lib/gcc/avr/4.3.3/avr5\libgcc.a(_div_sf.o)
 .debug_aranges
                0x00000080       0x20 d:/e_s_diploma/5_interfacing/2_embedded_c/4_software/1_ide/sdk_win_64/sdk_win_64/winavr/bin/../lib/gcc/avr/4.3.3/avr5\libgcc.a(_ge_sf.o)
 .debug_aranges
                0x000000a0       0x20 d:/e_s_diploma/5_interfacing/2_embedded_c/4_software/1_ide/sdk_win_64/sdk_win_64/winavr/bin/../lib/gcc/avr/4.3.3/avr5\libgcc.a(_si_to_sf.o)
 .debug_aranges
                0x000000c0       0x20 d:/e_s_diploma/5_interfacing/2_embedded_c/4_software/1_ide/sdk_win_64/sdk_win_64/winavr/bin/../lib/gcc/avr/4.3.3/avr5\libgcc.a(_sf_to_si.o)
 .debug_aranges
                0x000000e0       0x20 d:/e_s_diploma/5_interfacing/2_embedded_c/4_software/1_ide/sdk_win_64/sdk_win_64/winavr/bin/../lib/gcc/avr/4.3.3/avr5\libgcc.a(_usi_to_sf.o)
 .debug_aranges
                0x00000100       0x20 d:/e_s_diploma/5_interfacing/2_embedded_c/4_software/1_ide/sdk_win_64/sdk_win_64/winavr/bin/../lib/gcc/avr/4.3.3/avr5\libgcc.a(_clzsi2.o)
 .debug_aranges
                0x00000120       0x20 d:/e_s_diploma/5_interfacing/2_embedded_c/4_software/1_ide/sdk_win_64/sdk_win_64/winavr/bin/../lib/gcc/avr/4.3.3/avr5\libgcc.a(_pack_sf.o)
 .debug_aranges
                0x00000140       0x20 d:/e_s_diploma/5_interfacing/2_embedded_c/4_software/1_ide/sdk_win_64/sdk_win_64/winavr/bin/../lib/gcc/avr/4.3.3/avr5\libgcc.a(_unpack_sf.o)
 .debug_aranges
                0x00000160       0x20 d:/e_s_diploma/5_interfacing/2_embedded_c/4_software/1_ide/sdk_win_64/sdk_win_64/winavr/bin/../lib/gcc/avr/4.3.3/avr5\libgcc.a(_fpcmp_parts_sf.o)

.debug_pubnames
                0x00000000      0x1d8
 *(.debug_pubnames)
 .debug_pubnames
                0x00000000       0x23 d:/e_s_diploma/5_interfacing/2_embedded_c/4_software/1_ide/sdk_win_64/sdk_win_64/winavr/bin/../lib/gcc/avr/4.3.3/avr5\libgcc.a(_fixunssfsi.o)
 .debug_pubnames
                0x00000023       0x2c d:/e_s_diploma/5_interfacing/2_embedded_c/4_software/1_ide/sdk_win_64/sdk_win_64/winavr/bin/../lib/gcc/avr/4.3.3/avr5\libgcc.a(_addsub_sf.o)
 .debug_pubnames
                0x0000004f       0x1f d:/e_s_diploma/5_interfacing/2_embedded_c/4_software/1_ide/sdk_win_64/sdk_win_64/winavr/bin/../lib/gcc/avr/4.3.3/avr5\libgcc.a(_mul_sf.o)
 .debug_pubnames
                0x0000006e       0x1f d:/e_s_diploma/5_interfacing/2_embedded_c/4_software/1_ide/sdk_win_64/sdk_win_64/winavr/bin/../lib/gcc/avr/4.3.3/avr5\libgcc.a(_div_sf.o)
 .debug_pubnames
                0x0000008d       0x1e d:/e_s_diploma/5_interfacing/2_embedded_c/4_software/1_ide/sdk_win_64/sdk_win_64/winavr/bin/../lib/gcc/avr/4.3.3/avr5\libgcc.a(_ge_sf.o)
 .debug_pubnames
                0x000000ab       0x22 d:/e_s_diploma/5_interfacing/2_embedded_c/4_software/1_ide/sdk_win_64/sdk_win_64/winavr/bin/../lib/gcc/avr/4.3.3/avr5\libgcc.a(_si_to_sf.o)
 .debug_pubnames
                0x000000cd       0x20 d:/e_s_diploma/5_interfacing/2_embedded_c/4_software/1_ide/sdk_win_64/sdk_win_64/winavr/bin/../lib/gcc/avr/4.3.3/avr5\libgcc.a(_sf_to_si.o)
 .debug_pubnames
                0x000000ed       0x22 d:/e_s_diploma/5_interfacing/2_embedded_c/4_software/1_ide/sdk_win_64/sdk_win_64/winavr/bin/../lib/gcc/avr/4.3.3/avr5\libgcc.a(_thenan_sf.o)
 .debug_pubnames
                0x0000010f       0x24 d:/e_s_diploma/5_interfacing/2_embedded_c/4_software/1_ide/sdk_win_64/sdk_win_64/winavr/bin/../lib/gcc/avr/4.3.3/avr5\libgcc.a(_usi_to_sf.o)
 .debug_pubnames
                0x00000133       0x1f d:/e_s_diploma/5_interfacing/2_embedded_c/4_software/1_ide/sdk_win_64/sdk_win_64/winavr/bin/../lib/gcc/avr/4.3.3/avr5\libgcc.a(_clzsi2.o)
 .debug_pubnames
                0x00000152       0x1f d:/e_s_diploma/5_interfacing/2_embedded_c/4_software/1_ide/sdk_win_64/sdk_win_64/winavr/bin/../lib/gcc/avr/4.3.3/avr5\libgcc.a(_pack_sf.o)
 .debug_pubnames
                0x00000171       0x21 d:/e_s_diploma/5_interfacing/2_embedded_c/4_software/1_ide/sdk_win_64/sdk_win_64/winavr/bin/../lib/gcc/avr/4.3.3/avr5\libgcc.a(_unpack_sf.o)
 .debug_pubnames
                0x00000192       0x26 d:/e_s_diploma/5_interfacing/2_embedded_c/4_software/1_ide/sdk_win_64/sdk_win_64/winavr/bin/../lib/gcc/avr/4.3.3/avr5\libgcc.a(_fpcmp_parts_sf.o)
 .debug_pubnames
                0x000001b8       0x20 d:/e_s_diploma/5_interfacing/2_embedded_c/4_software/1_ide/sdk_win_64/sdk_win_64/winavr/bin/../lib/gcc/avr/4.3.3/avr5\libgcc.a(_clz.o)

.debug_info     0x00000000     0x2114
 *(.debug_info)
 .debug_info    0x00000000       0xb1 d:/e_s_diploma/5_interfacing/2_embedded_c/4_software/1_ide/sdk_win_64/sdk_win_64/winavr/bin/../lib/gcc/avr/4.3.3/avr5\libgcc.a(_fixunssfsi.o)
 .debug_info    0x000000b1      0x47a d:/e_s_diploma/5_interfacing/2_embedded_c/4_software/1_ide/sdk_win_64/sdk_win_64/winavr/bin/../lib/gcc/avr/4.3.3/avr5\libgcc.a(_addsub_sf.o)
 .debug_info    0x0000052b      0x485 d:/e_s_diploma/5_interfacing/2_embedded_c/4_software/1_ide/sdk_win_64/sdk_win_64/winavr/bin/../lib/gcc/avr/4.3.3/avr5\libgcc.a(_mul_sf.o)
 .debug_info    0x000009b0      0x3fc d:/e_s_diploma/5_interfacing/2_embedded_c/4_software/1_ide/sdk_win_64/sdk_win_64/winavr/bin/../lib/gcc/avr/4.3.3/avr5\libgcc.a(_div_sf.o)
 .debug_info    0x00000dac      0x27f d:/e_s_diploma/5_interfacing/2_embedded_c/4_software/1_ide/sdk_win_64/sdk_win_64/winavr/bin/../lib/gcc/avr/4.3.3/avr5\libgcc.a(_ge_sf.o)
 .debug_info    0x0000102b      0x207 d:/e_s_diploma/5_interfacing/2_embedded_c/4_software/1_ide/sdk_win_64/sdk_win_64/winavr/bin/../lib/gcc/avr/4.3.3/avr5\libgcc.a(_si_to_sf.o)
 .debug_info    0x00001232      0x2b0 d:/e_s_diploma/5_interfacing/2_embedded_c/4_software/1_ide/sdk_win_64/sdk_win_64/winavr/bin/../lib/gcc/avr/4.3.3/avr5\libgcc.a(_sf_to_si.o)
 .debug_info    0x000014e2      0x12c d:/e_s_diploma/5_interfacing/2_embedded_c/4_software/1_ide/sdk_win_64/sdk_win_64/winavr/bin/../lib/gcc/avr/4.3.3/avr5\libgcc.a(_thenan_sf.o)
 .debug_info    0x0000160e      0x206 d:/e_s_diploma/5_interfacing/2_embedded_c/4_software/1_ide/sdk_win_64/sdk_win_64/winavr/bin/../lib/gcc/avr/4.3.3/avr5\libgcc.a(_usi_to_sf.o)
 .debug_info    0x00001814      0x117 d:/e_s_diploma/5_interfacing/2_embedded_c/4_software/1_ide/sdk_win_64/sdk_win_64/winavr/bin/../lib/gcc/avr/4.3.3/avr5\libgcc.a(_clzsi2.o)
 .debug_info    0x0000192b      0x2df d:/e_s_diploma/5_interfacing/2_embedded_c/4_software/1_ide/sdk_win_64/sdk_win_64/winavr/bin/../lib/gcc/avr/4.3.3/avr5\libgcc.a(_pack_sf.o)
 .debug_info    0x00001c0a      0x251 d:/e_s_diploma/5_interfacing/2_embedded_c/4_software/1_ide/sdk_win_64/sdk_win_64/winavr/bin/../lib/gcc/avr/4.3.3/avr5\libgcc.a(_unpack_sf.o)
 .debug_info    0x00001e5b      0x210 d:/e_s_diploma/5_interfacing/2_embedded_c/4_software/1_ide/sdk_win_64/sdk_win_64/winavr/bin/../lib/gcc/avr/4.3.3/avr5\libgcc.a(_fpcmp_parts_sf.o)
 .debug_info    0x0000206b       0xa9 d:/e_s_diploma/5_interfacing/2_embedded_c/4_software/1_ide/sdk_win_64/sdk_win_64/winavr/bin/../lib/gcc/avr/4.3.3/avr5\libgcc.a(_clz.o)
 *(.gnu.linkonce.wi.*)

.debug_abbrev   0x00000000     0x121a
 *(.debug_abbrev)
 .debug_abbrev  0x00000000       0x5d d:/e_s_diploma/5_interfacing/2_embedded_c/4_software/1_ide/sdk_win_64/sdk_win_64/winavr/bin/../lib/gcc/avr/4.3.3/avr5\libgcc.a(_fixunssfsi.o)
 .debug_abbrev  0x0000005d      0x1ea d:/e_s_diploma/5_interfacing/2_embedded_c/4_software/1_ide/sdk_win_64/sdk_win_64/winavr/bin/../lib/gcc/avr/4.3.3/avr5\libgcc.a(_addsub_sf.o)
 .debug_abbrev  0x00000247      0x21b d:/e_s_diploma/5_interfacing/2_embedded_c/4_software/1_ide/sdk_win_64/sdk_win_64/winavr/bin/../lib/gcc/avr/4.3.3/avr5\libgcc.a(_mul_sf.o)
 .debug_abbrev  0x00000462      0x216 d:/e_s_diploma/5_interfacing/2_embedded_c/4_software/1_ide/sdk_win_64/sdk_win_64/winavr/bin/../lib/gcc/avr/4.3.3/avr5\libgcc.a(_div_sf.o)
 .debug_abbrev  0x00000678      0x15a d:/e_s_diploma/5_interfacing/2_embedded_c/4_software/1_ide/sdk_win_64/sdk_win_64/winavr/bin/../lib/gcc/avr/4.3.3/avr5\libgcc.a(_ge_sf.o)
 .debug_abbrev  0x000007d2      0x148 d:/e_s_diploma/5_interfacing/2_embedded_c/4_software/1_ide/sdk_win_64/sdk_win_64/winavr/bin/../lib/gcc/avr/4.3.3/avr5\libgcc.a(_si_to_sf.o)
 .debug_abbrev  0x0000091a      0x17f d:/e_s_diploma/5_interfacing/2_embedded_c/4_software/1_ide/sdk_win_64/sdk_win_64/winavr/bin/../lib/gcc/avr/4.3.3/avr5\libgcc.a(_sf_to_si.o)
 .debug_abbrev  0x00000a99       0xad d:/e_s_diploma/5_interfacing/2_embedded_c/4_software/1_ide/sdk_win_64/sdk_win_64/winavr/bin/../lib/gcc/avr/4.3.3/avr5\libgcc.a(_thenan_sf.o)
 .debug_abbrev  0x00000b46      0x157 d:/e_s_diploma/5_interfacing/2_embedded_c/4_software/1_ide/sdk_win_64/sdk_win_64/winavr/bin/../lib/gcc/avr/4.3.3/avr5\libgcc.a(_usi_to_sf.o)
 .debug_abbrev  0x00000c9d       0xc4 d:/e_s_diploma/5_interfacing/2_embedded_c/4_software/1_ide/sdk_win_64/sdk_win_64/winavr/bin/../lib/gcc/avr/4.3.3/avr5\libgcc.a(_clzsi2.o)
 .debug_abbrev  0x00000d61      0x1c0 d:/e_s_diploma/5_interfacing/2_embedded_c/4_software/1_ide/sdk_win_64/sdk_win_64/winavr/bin/../lib/gcc/avr/4.3.3/avr5\libgcc.a(_pack_sf.o)
 .debug_abbrev  0x00000f21      0x154 d:/e_s_diploma/5_interfacing/2_embedded_c/4_software/1_ide/sdk_win_64/sdk_win_64/winavr/bin/../lib/gcc/avr/4.3.3/avr5\libgcc.a(_unpack_sf.o)
 .debug_abbrev  0x00001075      0x13b d:/e_s_diploma/5_interfacing/2_embedded_c/4_software/1_ide/sdk_win_64/sdk_win_64/winavr/bin/../lib/gcc/avr/4.3.3/avr5\libgcc.a(_fpcmp_parts_sf.o)
 .debug_abbrev  0x000011b0       0x6a d:/e_s_diploma/5_interfacing/2_embedded_c/4_software/1_ide/sdk_win_64/sdk_win_64/winavr/bin/../lib/gcc/avr/4.3.3/avr5\libgcc.a(_clz.o)

.debug_line     0x00000000     0x1165
 *(.debug_line)
 .debug_line    0x00000000       0xa7 d:/e_s_diploma/5_interfacing/2_embedded_c/4_software/1_ide/sdk_win_64/sdk_win_64/winavr/bin/../lib/gcc/avr/4.3.3/avr5\libgcc.a(_fixunssfsi.o)
 .debug_line    0x000000a7      0x2af d:/e_s_diploma/5_interfacing/2_embedded_c/4_software/1_ide/sdk_win_64/sdk_win_64/winavr/bin/../lib/gcc/avr/4.3.3/avr5\libgcc.a(_addsub_sf.o)
 .debug_line    0x00000356      0x239 d:/e_s_diploma/5_interfacing/2_embedded_c/4_software/1_ide/sdk_win_64/sdk_win_64/winavr/bin/../lib/gcc/avr/4.3.3/avr5\libgcc.a(_mul_sf.o)
 .debug_line    0x0000058f      0x1d5 d:/e_s_diploma/5_interfacing/2_embedded_c/4_software/1_ide/sdk_win_64/sdk_win_64/winavr/bin/../lib/gcc/avr/4.3.3/avr5\libgcc.a(_div_sf.o)
 .debug_line    0x00000764       0xd3 d:/e_s_diploma/5_interfacing/2_embedded_c/4_software/1_ide/sdk_win_64/sdk_win_64/winavr/bin/../lib/gcc/avr/4.3.3/avr5\libgcc.a(_ge_sf.o)
 .debug_line    0x00000837      0x135 d:/e_s_diploma/5_interfacing/2_embedded_c/4_software/1_ide/sdk_win_64/sdk_win_64/winavr/bin/../lib/gcc/avr/4.3.3/avr5\libgcc.a(_si_to_sf.o)
 .debug_line    0x0000096c      0x109 d:/e_s_diploma/5_interfacing/2_embedded_c/4_software/1_ide/sdk_win_64/sdk_win_64/winavr/bin/../lib/gcc/avr/4.3.3/avr5\libgcc.a(_sf_to_si.o)
 .debug_line    0x00000a75       0x90 d:/e_s_diploma/5_interfacing/2_embedded_c/4_software/1_ide/sdk_win_64/sdk_win_64/winavr/bin/../lib/gcc/avr/4.3.3/avr5\libgcc.a(_thenan_sf.o)
 .debug_line    0x00000b05      0x133 d:/e_s_diploma/5_interfacing/2_embedded_c/4_software/1_ide/sdk_win_64/sdk_win_64/winavr/bin/../lib/gcc/avr/4.3.3/avr5\libgcc.a(_usi_to_sf.o)
 .debug_line    0x00000c38       0xa5 d:/e_s_diploma/5_interfacing/2_embedded_c/4_software/1_ide/sdk_win_64/sdk_win_64/winavr/bin/../lib/gcc/avr/4.3.3/avr5\libgcc.a(_clzsi2.o)
 .debug_line    0x00000cdd      0x18a d:/e_s_diploma/5_interfacing/2_embedded_c/4_software/1_ide/sdk_win_64/sdk_win_64/winavr/bin/../lib/gcc/avr/4.3.3/avr5\libgcc.a(_pack_sf.o)
 .debug_line    0x00000e67      0x14b d:/e_s_diploma/5_interfacing/2_embedded_c/4_software/1_ide/sdk_win_64/sdk_win_64/winavr/bin/../lib/gcc/avr/4.3.3/avr5\libgcc.a(_unpack_sf.o)
 .debug_line    0x00000fb2      0x137 d:/e_s_diploma/5_interfacing/2_embedded_c/4_software/1_ide/sdk_win_64/sdk_win_64/winavr/bin/../lib/gcc/avr/4.3.3/avr5\libgcc.a(_fpcmp_parts_sf.o)
 .debug_line    0x000010e9       0x7c d:/e_s_diploma/5_interfacing/2_embedded_c/4_software/1_ide/sdk_win_64/sdk_win_64/winavr/bin/../lib/gcc/avr/4.3.3/avr5\libgcc.a(_clz.o)

.debug_frame    0x00000000      0x1a0
 *(.debug_frame)
 .debug_frame   0x00000000       0x20 d:/e_s_diploma/5_interfacing/2_embedded_c/4_software/1_ide/sdk_win_64/sdk_win_64/winavr/bin/../lib/gcc/avr/4.3.3/avr5\libgcc.a(_fixunssfsi.o)
 .debug_frame   0x00000020       0x40 d:/e_s_diploma/5_interfacing/2_embedded_c/4_software/1_ide/sdk_win_64/sdk_win_64/winavr/bin/../lib/gcc/avr/4.3.3/avr5\libgcc.a(_addsub_sf.o)
 .debug_frame   0x00000060       0x20 d:/e_s_diploma/5_interfacing/2_embedded_c/4_software/1_ide/sdk_win_64/sdk_win_64/winavr/bin/../lib/gcc/avr/4.3.3/avr5\libgcc.a(_mul_sf.o)
 .debug_frame   0x00000080       0x20 d:/e_s_diploma/5_interfacing/2_embedded_c/4_software/1_ide/sdk_win_64/sdk_win_64/winavr/bin/../lib/gcc/avr/4.3.3/avr5\libgcc.a(_div_sf.o)
 .debug_frame   0x000000a0       0x20 d:/e_s_diploma/5_interfacing/2_embedded_c/4_software/1_ide/sdk_win_64/sdk_win_64/winavr/bin/../lib/gcc/avr/4.3.3/avr5\libgcc.a(_ge_sf.o)
 .debug_frame   0x000000c0       0x20 d:/e_s_diploma/5_interfacing/2_embedded_c/4_software/1_ide/sdk_win_64/sdk_win_64/winavr/bin/../lib/gcc/avr/4.3.3/avr5\libgcc.a(_si_to_sf.o)
 .debug_frame   0x000000e0       0x20 d:/e_s_diploma/5_interfacing/2_embedded_c/4_software/1_ide/sdk_win_64/sdk_win_64/winavr/bin/../lib/gcc/avr/4.3.3/avr5\libgcc.a(_sf_to_si.o)
 .debug_frame   0x00000100       0x20 d:/e_s_diploma/5_interfacing/2_embedded_c/4_software/1_ide/sdk_win_64/sdk_win_64/winavr/bin/../lib/gcc/avr/4.3.3/avr5\libgcc.a(_usi_to_sf.o)
 .debug_frame   0x00000120       0x20 d:/e_s_diploma/5_interfacing/2_embedded_c/4_software/1_ide/sdk_win_64/sdk_win_64/winavr/bin/../lib/gcc/avr/4.3.3/avr5\libgcc.a(_clzsi2.o)
 .debug_frame   0x00000140       0x20 d:/e_s_diploma/5_interfacing/2_embedded_c/4_software/1_ide/sdk_win_64/sdk_win_64/winavr/bin/../lib/gcc/avr/4.3.3/avr5\libgcc.a(_pack_sf.o)
 .debug_frame   0x00000160       0x20 d:/e_s_diploma/5_interfacing/2_embedded_c/4_software/1_ide/sdk_win_64/sdk_win_64/winavr/bin/../lib/gcc/avr/4.3.3/avr5\libgcc.a(_unpack_sf.o)
 .debug_frame   0x00000180       0x20 d:/e_s_diploma/5_interfacing/2_embedded_c/4_software/1_ide/sdk_win_64/sdk_win_64/winavr/bin/../lib/gcc/avr/4.3.3/avr5\libgcc.a(_fpcmp_parts_sf.o)

.debug_str      0x00000000      0x2f7
 *(.debug_str)
 .debug_str     0x00000000       0xbf d:/e_s_diploma/5_interfacing/2_embedded_c/4_software/1_ide/sdk_win_64/sdk_win_64/winavr/bin/../lib/gcc/avr/4.3.3/avr5\libgcc.a(_fixunssfsi.o)
                                 0xfe (size before relaxing)
 .debug_str     0x000000bf      0x14d d:/e_s_diploma/5_interfacing/2_embedded_c/4_software/1_ide/sdk_win_64/sdk_win_64/winavr/bin/../lib/gcc/avr/4.3.3/avr5\libgcc.a(_addsub_sf.o)
                                0x206 (size before relaxing)
 .debug_str     0x0000020c       0x27 d:/e_s_diploma/5_interfacing/2_embedded_c/4_software/1_ide/sdk_win_64/sdk_win_64/winavr/bin/../lib/gcc/avr/4.3.3/avr5\libgcc.a(_mul_sf.o)
                                0x1bf (size before relaxing)
 .debug_str     0x00000233       0x35 d:/e_s_diploma/5_interfacing/2_embedded_c/4_software/1_ide/sdk_win_64/sdk_win_64/winavr/bin/../lib/gcc/avr/4.3.3/avr5\libgcc.a(_div_sf.o)
                                0x1c8 (size before relaxing)
 .debug_str     0x00000268        0x8 d:/e_s_diploma/5_interfacing/2_embedded_c/4_software/1_ide/sdk_win_64/sdk_win_64/winavr/bin/../lib/gcc/avr/4.3.3/avr5\libgcc.a(_ge_sf.o)
                                0x195 (size before relaxing)
 .debug_str     0x00000270       0x1e d:/e_s_diploma/5_interfacing/2_embedded_c/4_software/1_ide/sdk_win_64/sdk_win_64/winavr/bin/../lib/gcc/avr/4.3.3/avr5\libgcc.a(_si_to_sf.o)
                                0x17b (size before relaxing)
 .debug_str     0x0000028e        0xa d:/e_s_diploma/5_interfacing/2_embedded_c/4_software/1_ide/sdk_win_64/sdk_win_64/winavr/bin/../lib/gcc/avr/4.3.3/avr5\libgcc.a(_sf_to_si.o)
                                0x19e (size before relaxing)
 .debug_str     0x00000000      0x103 d:/e_s_diploma/5_interfacing/2_embedded_c/4_software/1_ide/sdk_win_64/sdk_win_64/winavr/bin/../lib/gcc/avr/4.3.3/avr5\libgcc.a(_thenan_sf.o)
 .debug_str     0x00000298       0x14 d:/e_s_diploma/5_interfacing/2_embedded_c/4_software/1_ide/sdk_win_64/sdk_win_64/winavr/bin/../lib/gcc/avr/4.3.3/avr5\libgcc.a(_usi_to_sf.o)
                                0x177 (size before relaxing)
 .debug_str     0x000002ac       0x20 d:/e_s_diploma/5_interfacing/2_embedded_c/4_software/1_ide/sdk_win_64/sdk_win_64/winavr/bin/../lib/gcc/avr/4.3.3/avr5\libgcc.a(_clzsi2.o)
                                0x111 (size before relaxing)
 .debug_str     0x000002cc       0x10 d:/e_s_diploma/5_interfacing/2_embedded_c/4_software/1_ide/sdk_win_64/sdk_win_64/winavr/bin/../lib/gcc/avr/4.3.3/avr5\libgcc.a(_pack_sf.o)
                                0x19d (size before relaxing)
 .debug_str     0x000002dc        0xb d:/e_s_diploma/5_interfacing/2_embedded_c/4_software/1_ide/sdk_win_64/sdk_win_64/winavr/bin/../lib/gcc/avr/4.3.3/avr5\libgcc.a(_unpack_sf.o)
                                0x17f (size before relaxing)
 .debug_str     0x000002e7       0x10 d:/e_s_diploma/5_interfacing/2_embedded_c/4_software/1_ide/sdk_win_64/sdk_win_64/winavr/bin/../lib/gcc/avr/4.3.3/avr5\libgcc.a(_fpcmp_parts_sf.o)
                                0x163 (size before relaxing)
 .debug_str     0x00000000       0xf4 d:/e_s_diploma/5_interfacing/2_embedded_c/4_software/1_ide/sdk_win_64/sdk_win_64/winavr/bin/../lib/gcc/avr/4.3.3/avr5\libgcc.a(_clz.o)

.debug_loc      0x00000000      0x9a2
 *(.debug_loc)
 .debug_loc     0x00000000       0x34 d:/e_s_diploma/5_interfacing/2_embedded_c/4_software/1_ide/sdk_win_64/sdk_win_64/winavr/bin/../lib/gcc/avr/4.3.3/avr5\libgcc.a(_fixunssfsi.o)
 .debug_loc     0x00000034      0x32a d:/e_s_diploma/5_interfacing/2_embedded_c/4_software/1_ide/sdk_win_64/sdk_win_64/winavr/bin/../lib/gcc/avr/4.3.3/avr5\libgcc.a(_addsub_sf.o)
 .debug_loc     0x0000035e      0x104 d:/e_s_diploma/5_interfacing/2_embedded_c/4_software/1_ide/sdk_win_64/sdk_win_64/winavr/bin/../lib/gcc/avr/4.3.3/avr5\libgcc.a(_mul_sf.o)
 .debug_loc     0x00000462       0xc0 d:/e_s_diploma/5_interfacing/2_embedded_c/4_software/1_ide/sdk_win_64/sdk_win_64/winavr/bin/../lib/gcc/avr/4.3.3/avr5\libgcc.a(_div_sf.o)
 .debug_loc     0x00000522       0x3c d:/e_s_diploma/5_interfacing/2_embedded_c/4_software/1_ide/sdk_win_64/sdk_win_64/winavr/bin/../lib/gcc/avr/4.3.3/avr5\libgcc.a(_ge_sf.o)
 .debug_loc     0x0000055e       0xac d:/e_s_diploma/5_interfacing/2_embedded_c/4_software/1_ide/sdk_win_64/sdk_win_64/winavr/bin/../lib/gcc/avr/4.3.3/avr5\libgcc.a(_si_to_sf.o)
 .debug_loc     0x0000060a       0x7e d:/e_s_diploma/5_interfacing/2_embedded_c/4_software/1_ide/sdk_win_64/sdk_win_64/winavr/bin/../lib/gcc/avr/4.3.3/avr5\libgcc.a(_sf_to_si.o)
 .debug_loc     0x00000688       0x4c d:/e_s_diploma/5_interfacing/2_embedded_c/4_software/1_ide/sdk_win_64/sdk_win_64/winavr/bin/../lib/gcc/avr/4.3.3/avr5\libgcc.a(_usi_to_sf.o)
 .debug_loc     0x000006d4       0x94 d:/e_s_diploma/5_interfacing/2_embedded_c/4_software/1_ide/sdk_win_64/sdk_win_64/winavr/bin/../lib/gcc/avr/4.3.3/avr5\libgcc.a(_clzsi2.o)
 .debug_loc     0x00000768      0x13e d:/e_s_diploma/5_interfacing/2_embedded_c/4_software/1_ide/sdk_win_64/sdk_win_64/winavr/bin/../lib/gcc/avr/4.3.3/avr5\libgcc.a(_pack_sf.o)
 .debug_loc     0x000008a6       0xac d:/e_s_diploma/5_interfacing/2_embedded_c/4_software/1_ide/sdk_win_64/sdk_win_64/winavr/bin/../lib/gcc/avr/4.3.3/avr5\libgcc.a(_unpack_sf.o)
 .debug_loc     0x00000952       0x50 d:/e_s_diploma/5_interfacing/2_embedded_c/4_software/1_ide/sdk_win_64/sdk_win_64/winavr/bin/../lib/gcc/avr/4.3.3/avr5\libgcc.a(_fpcmp_parts_sf.o)

.debug_macinfo
 *(.debug_macinfo)
OUTPUT(509_GROUP.elf elf32-avr)
LOAD linker stubs

.debug_ranges   0x00000000       0x50
 .debug_ranges  0x00000000       0x50 d:/e_s_diploma/5_interfacing/2_embedded_c/4_software/1_ide/sdk_win_64/sdk_win_64/winavr/bin/../lib/gcc/avr/4.3.3/avr5\libgcc.a(_mul_sf.o)
